// Jest Snapshot v1, https://goo.gl/fbAQLP

exports[`Schedule Tests Component Should Match Snapshot 1`] = `
Array [
  <ul
    className="MuiList-root Schedules-root-40 MuiList-padding"
  />,
  <a
    className="Schedules-link-41"
    href="/schedule/add"
    onClick={[Function]}
  >
    <button
      aria-label="add"
      className="MuiButtonBase-root MuiFab-root Schedules-fab-42 MuiFab-primary"
      disabled={false}
      onBlur={[Function]}
      onDragLeave={[Function]}
      onFocus={[Function]}
      onKeyDown={[Function]}
      onKeyUp={[Function]}
      onMouseDown={[Function]}
      onMouseLeave={[Function]}
      onMouseUp={[Function]}
      onTouchEnd={[Function]}
      onTouchMove={[Function]}
      onTouchStart={[Function]}
      tabIndex={0}
      type="button"
    >
      <span
        className="MuiFab-label"
      >
        <svg
          aria-hidden="true"
          className="MuiSvgIcon-root"
          focusable="false"
          role="presentation"
          viewBox="0 0 24 24"
        >
          <path
            d="M19 13h-6v6h-2v-6H5v-2h6V5h2v6h6v2z"
          />
        </svg>
      </span>
      <span
        className="MuiTouchRipple-root"
      />
    </button>
  </a>,
]
`;
