// Jest Snapshot v1, https://goo.gl/fbAQLP

exports[`Avatar full screen Tests Component Should Match Snapshot 1`] = `null`;
