// Jest Snapshot v1, https://goo.gl/fbAQLP

exports[`Participant List Tests Component Should Match Snapshot 1`] = `
<ul
  className="MuiList-root ParticipantList-root-29 MuiList-padding"
/>
`;
