// Jest Snapshot v1, https://goo.gl/fbAQLP

exports[`Picture Selector Tests Component Should Match Snapshot 1`] = `null`;
